################################################################################
#                                                                              #
#      IAR Universal Linker V6.5.1.95                                          #
#                                                                              #
#           Link time     =  27/Mar/2019  12:00:47                             #
#           Target CPU    =  MSP430                                            #
#           List file     =  "C:\Users\Erez Asmra\Desktop\Final Project microp #
#                            rocessor\Debug\List\FinalProject.map"             #
#           Output file 1 =  "C:\Users\Erez Asmra\Desktop\Final Project microp #
#                            rocessor\Debug\Exe\FinalProject.d43"              #
#                            Format: ubrof10                                   #
#                            UBROF version 10.0.6                              #
#                            Using library modules for C-SPY (-rt)             #
#           Command line  =  -f                                                #
#                            C:\Users\EREZAS~1\AppData\Local\Temp\EW3F4B.tmp   #
#                            ("C:\Users\Erez Asmra\Desktop\Final Project micro #
#                            processor\Debug\Obj\LCDutilities.r43"             #
#                            "C:\Users\Erez Asmra\Desktop\Final Project microp #
#                            rocessor\Debug\Obj\motor.r43"                     #
#                            -o                                                #
#                            "C:\Users\Erez Asmra\Desktop\Final Project microp #
#                            rocessor\Debug\Exe\FinalProject.d43"              #
#                            -l                                                #
#                            "C:\Users\Erez Asmra\Desktop\Final Project microp #
#                            rocessor\Debug\List\FinalProject.map"             #
#                            -xms                                              #
#                            "-IC:\erezAsmra\SoftWare\IRA Embedded Msp430\430\ #
#                            LIB\"                                             #
#                            -f                                                #
#                            "C:\erezAsmra\SoftWare\IRA Embedded Msp430\430\co #
#                            nfig\linker\lnk430fr6989.xcl"                     #
#                            (-cmsp430 -QCODE_I=CODE_ID -QTLS16_I=TLS16_ID     #
#                            -D__iar_HWMUL=4C0 -Z(CONST)INFO=1800-19FF         #
#                            -Z(CONST)INFOA=1980-19FF                          #
#                            -Z(CONST)INFOB=1900-197F                          #
#                            -Z(CONST)INFOC=1880-18FF                          #
#                            -Z(CONST)INFOD=1800-187F                          #
#                            -Z(DATA)TINYRAM=0006-001F                         #
#                            -Z(DATA)DATA16_I,DATA16_Z,DATA16_N,TLS16_I=1C00-2 #
#                            3FF                                               #
#                            -Z(DATA)CODE_I                                    #
#                            -Z(DATA)DATA20_I,DATA20_Z,DATA20_N                #
#                            -Z(DATA)CSTACK+_STACK_SIZE#                       #
#                            -Z(CONST)DATA16_P,DATA20_P=4400-FF7F              #
#                            -Z(DATA)DATA16_HEAP+_DATA16_HEAP_SIZE             #
#                            -Z(DATA)DATA20_HEAP+_DATA20_HEAP_SIZE             #
#                            -Z(CONST)MPU_B1 -Z(CONST)IPE_B1=4400-FF7F         #
#                            -Z(DATA)IPEDATA16_N -Z(CODE)IPECODE16             #
#                            -Z(CONST)IPEDATA16_C,IPE_B2 -Z(CONST)MPU_B2       #
#                            -Z(CONST)DATA16_C,DATA16_ID,TLS16_ID,DIFUNCT,CHEC #
#                            KSUM=4400-FF7F                                    #
#                            -Z(CODE)CSTART,ISR_CODE,CODE16=4400-FF7F          #
#                            -P(CODE)CODE=4400-FF7F,10000-23FFF                #
#                            -Z(CODE)CODE_PAD                                  #
#                            -Z(CONST)DATA20_C,DATA20_ID,CODE_ID=4400-FF7F,100 #
#                            40-23FFF                                          #
#                            -Z(CONST)SIGNATURE=FF80-FF8F                      #
#                            -Z(CONST)JTAGSIGNATURE=FF80-FF83                  #
#                            -Z(CONST)BSLSIGNATURE=FF84-FF87                   #
#                            -Z(CONST)IPESIGNATURE=FF88-FF8F                   #
#                            -Z(CODE)INTVEC=FF90-FFFF                          #
#                            -Z(CODE)RESET=FFFE-FFFF) -f                       #
#                            "C:\erezAsmra\SoftWare\IRA Embedded Msp430\430\co #
#                            nfig\linker\multiplier32.xcl"                     #
#                            (-e?Mul8Hw=?Mul8 -e?Mul16Hw=?Mul16                #
#                            -e?Mul16to32uHw=?Mul16to32u                       #
#                            -e?Mul16to32sHw=?Mul16to32s -e?Mul32Hw32=?Mul32   #
#                            -e?Mul64Hw32=_Mul64i                              #
#                            -e?Mul32u32uto64iHw32=_Mul32u32uto64i             #
#                            -e?Mul32fHw32=_Mul32f                             #
#                            -e_Mul64fHw32Ptr=_Mul64fPtr) -D_STACK_SIZE=A0     #
#                            -rt                                               #
#                            "C:\erezAsmra\SoftWare\IRA Embedded Msp430\430\li #
#                            b\dlib\dl430xlsfn.r43"                            #
#                            -D_DATA16_HEAP_SIZE=A0 -s __program_start         #
#                            -D_DATA20_HEAP_SIZE=50)                           #
#                                                                              #
#                           Copyright (C) 1987-2016 IAR Systems AB.            #
################################################################################





                ****************************************
                *                                      *
                *           CROSS REFERENCE            *
                *                                      *
                ****************************************

       Program entry at :           4406  Relocatable, from module : ?cstart




                ****************************************
                *                                      *
                *            RUNTIME MODEL             *
                *                                      *
                ****************************************

  __Heap_Handler             = Basic
  __SystemLibrary            = DLib
  __code_model               = large
  __core                     = 430X
  __data_model               = small
  __dlib_file_descriptor     = 0
  __dlib_full_locale_support = 0
  __double_size              = 32
  __pic                      = no
  __reg_r4                   = free
  __reg_r5                   = free
  __rt_version               = 3

                ****************************************
                *                                      *
                *    AUTOMATIC SYMBOL REDIRECTIONS     *
                *                                      *
                ****************************************

                  There are no automatic symbol redirections.



                ****************************************
                *                                      *
                *              MODULE MAP              *
                *                                      *
                ****************************************


  DEFINED ABSOLUTE ENTRIES
    *************************************************************************

  DEFINED ABSOLUTE ENTRIES
  PROGRAM MODULE, NAME : ?ABS_ENTRY_MOD

Absolute parts
           ENTRY                   ADDRESS         REF BY
           =====                   =======         ======
           _DATA20_HEAP_SIZE       0050 
           _DATA16_HEAP_SIZE       00A0 
           _STACK_SIZE             00A0 
           __iar_HWMUL             04C0            ?Mul32fHw32 (?Mul32fHw32)
    *************************************************************************

  FILE NAME : C:\Users\Erez Asmra\Desktop\Final Project microprocessor\Debug\Obj\LCDutilities.r43
  PROGRAM MODULE, NAME : LCDutilities

  SEGMENTS IN THE MODULE
  ======================
DATA16_AN
  Relative segment, address: 0160 - 0161 (0x2 bytes), align: 0
  Segment part 1. ROOT 
           ENTRY                   ADDRESS         REF BY
           =====                   =======         ======
           _A_CSCTL0_L             0160 
           LOCAL                   ADDRESS         
           =====                   =======         
           CSCTL0                  0160 
           CSCTL0_H                0161 
           CSCTL0_L                0160 
    -------------------------------------------------------------------------
DATA16_AN
  Relative segment, address: 0168 - 0169 (0x2 bytes), align: 0
  Segment part 2. ROOT 
           ENTRY                   ADDRESS         REF BY
           =====                   =======         ======
           _A_CSCTL4_L             0168 
           LOCAL                   ADDRESS         
           =====                   =======         
           CSCTL4                  0168 
           CSCTL4_H                0169 
           CSCTL4_L                0168 
    -------------------------------------------------------------------------
DATA16_AN
  Relative segment, address: 016A - 016B (0x2 bytes), align: 0
  Segment part 3. ROOT 
           ENTRY                   ADDRESS         REF BY
           =====                   =======         ======
           _A_CSCTL5_L             016A 
           LOCAL                   ADDRESS         
           =====                   =======         
           CSCTL5                  016A 
           CSCTL5_H                016B 
           CSCTL5_L                016A 
    -------------------------------------------------------------------------
DATA16_AN
  Relative segment, address: 0A00 - 0A01 (0x2 bytes), align: 0
  Segment part 4. ROOT 
           ENTRY                   ADDRESS         REF BY
           =====                   =======         ======
           _A_LCDCCTL0_L           0A00 
           LOCAL                   ADDRESS         
           =====                   =======         
           LCDCCTL0                0A00 
           LCDCCTL0_H              0A01 
           LCDCCTL0_L              0A00 
    -------------------------------------------------------------------------
DATA16_AN
  Relative segment, address: 0A06 - 0A07 (0x2 bytes), align: 0
  Segment part 5. ROOT 
           ENTRY                   ADDRESS         REF BY
           =====                   =======         ======
           _A_LCDCMEMCTL_L         0A06 
           LOCAL                   ADDRESS         
           =====                   =======         
           LCDCMEMCTL              0A06 
           LCDCMEMCTL_H            0A07 
           LCDCMEMCTL_L            0A06 
    -------------------------------------------------------------------------
DATA16_AN
  Relative segment, address: 0A08 - 0A09 (0x2 bytes), align: 0
  Segment part 6. ROOT 
           ENTRY                   ADDRESS         REF BY
           =====                   =======         ======
           _A_LCDCVCTL_L           0A08 
           LOCAL                   ADDRESS         
           =====                   =======         
           LCDCVCTL                0A08 
           LCDCVCTL_H              0A09 
           LCDCVCTL_L              0A08 
    -------------------------------------------------------------------------
DATA16_AN
  Relative segment, address: 0A0A - 0A0B (0x2 bytes), align: 0
  Segment part 7. ROOT 
           ENTRY                   ADDRESS         REF BY
           =====                   =======         ======
           _A_LCDCPCTL0_L          0A0A 
           LOCAL                   ADDRESS         
           =====                   =======         
           LCDCPCTL0               0A0A 
           LCDCPCTL0_H             0A0B 
           LCDCPCTL0_L             0A0A 
    -------------------------------------------------------------------------
DATA16_AN
  Relative segment, address: 0A0C - 0A0D (0x2 bytes), align: 0
  Segment part 8. ROOT 
           ENTRY                   ADDRESS         REF BY
           =====                   =======         ======
           _A_LCDCPCTL1_L          0A0C 
           LOCAL                   ADDRESS         
           =====                   =======         
           LCDCPCTL1               0A0C 
           LCDCPCTL1_H             0A0D 
           LCDCPCTL1_L             0A0C 
    -------------------------------------------------------------------------
DATA16_AN
  Relative segment, address: 0A0E - 0A0F (0x2 bytes), align: 0
  Segment part 9. ROOT 
           ENTRY                   ADDRESS         REF BY
           =====                   =======         ======
           _A_LCDCPCTL2_L          0A0E 
           LOCAL                   ADDRESS         
           =====                   =======         
           LCDCPCTL2               0A0E 
           LCDCPCTL2_H             0A0F 
           LCDCPCTL2_L             0A0E 
    -------------------------------------------------------------------------
DATA16_AN
  Relative segment, address: 0A12 - 0A13 (0x2 bytes), align: 0
  Segment part 10. ROOT 
           ENTRY                   ADDRESS         REF BY
           =====                   =======         ======
           _A_LCDCCPCTL_L          0A12 
           LOCAL                   ADDRESS         
           =====                   =======         
           LCDCCPCTL               0A12 
           LCDCCPCTL_H             0A13 
           LCDCCPCTL_L             0A12 
    -------------------------------------------------------------------------
DATA16_AN
  Relative segment, address: 0A2A - 0A2A (0x1 bytes), align: 0
  Segment part 11. ROOT 
           ENTRY                   ADDRESS         REF BY
           =====                   =======         ======
           LCDM11                  0A2A 
    -------------------------------------------------------------------------
DATA16_AN
  Relative segment, address: 0130 - 0131 (0x2 bytes), align: 0
  Segment part 12. ROOT       Intra module refs:   main (motor)
           ENTRY                   ADDRESS         REF BY
           =====                   =======         ======
           _A_PM5CTL0_L            0130 
           LOCAL                   ADDRESS         
           =====                   =======         
           PM5CTL0                 0130 
           PM5CTL0_H               0131 
           PM5CTL0_L               0130 
    -------------------------------------------------------------------------
DATA16_AN
  Relative segment, address: 032A - 032B (0x2 bytes), align: 0
  Segment part 13. ROOT 
           ENTRY                   ADDRESS         REF BY
           =====                   =======         ======
           _A_PJSEL0_L             032A 
           LOCAL                   ADDRESS         
           =====                   =======         
           PJSEL0                  032A 
           PJSEL0_H                032B 
           PJSEL0_L                032A 
    -------------------------------------------------------------------------
DATA16_AN
  Relative segment, address: 0102 - 0103 (0x2 bytes), align: 0
  Segment part 14. ROOT 
           ENTRY                   ADDRESS         REF BY
           =====                   =======         ======
           _A_SFRIFG1_L            0102 
           LOCAL                   ADDRESS         
           =====                   =======         
           SFRIFG1                 0102 
           SFRIFG1_H               0103 
           SFRIFG1_L               0102 
    -------------------------------------------------------------------------
DATA16_AN
  Relative segment, address: 05EC - 05ED (0x2 bytes), align: 0
  Segment part 15. ROOT       Intra module refs:   USCI (motor)
           ENTRY                   ADDRESS         REF BY
           =====                   =======         ======
           _A_UCA1RXBUF_L          05EC 
           LOCAL                   ADDRESS         
           =====                   =======         
           UCA1RXBUF               05EC 
           UCA1RXBUF_H             05ED 
           UCA1RXBUF_L             05EC 
    -------------------------------------------------------------------------
DATA16_AN
  Relative segment, address: 05FC - 05FD (0x2 bytes), align: 0
  Segment part 16. ROOT       Intra module refs:   TIMER0 (motor)
                                                   USCI (motor)
           ENTRY                   ADDRESS         REF BY
           =====                   =======         ======
           _A_UCA1IFG_L            05FC 
           LOCAL                   ADDRESS         
           =====                   =======         
           UCA1IFG                 05FC 
           UCA1IFG_H               05FD 
           UCA1IFG_L               05FC 

    *************************************************************************

  FILE NAME : C:\Users\Erez Asmra\Desktop\Final Project microprocessor\Debug\Obj\motor.r43
  PROGRAM MODULE, NAME : motor

  SEGMENTS IN THE MODULE
  ======================
DATA16_AN
  Relative segment, address: 0204 - 0205 (0x2 bytes), align: 0
  Segment part 2. ROOT        Intra module refs:   main
           ENTRY                   ADDRESS         REF BY
           =====                   =======         ======
           _A_PADIR_L              0204 
           LOCAL                   ADDRESS         
           =====                   =======         
           PADIR                   0204 
           PADIR_H                 0205 
           PADIR_L                 0204 
    -------------------------------------------------------------------------
DATA16_AN
  Relative segment, address: 020A - 020B (0x2 bytes), align: 0
  Segment part 3. ROOT        Intra module refs:   main
           ENTRY                   ADDRESS         REF BY
           =====                   =======         ======
           _A_PASEL0_L             020A 
           LOCAL                   ADDRESS         
           =====                   =======         
           PASEL0                  020A 
           PASEL0_H                020B 
           PASEL0_L                020A 
    -------------------------------------------------------------------------
DATA16_AN
  Relative segment, address: 020C - 020D (0x2 bytes), align: 0
  Segment part 4. ROOT        Intra module refs:   main
           ENTRY                   ADDRESS         REF BY
           =====                   =======         ======
           _A_PASEL1_L             020C 
           LOCAL                   ADDRESS         
           =====                   =======         
           PASEL1                  020C 
           PASEL1_H                020D 
           PASEL1_L                020C 
    -------------------------------------------------------------------------
DATA16_AN
  Relative segment, address: 0224 - 0225 (0x2 bytes), align: 0
  Segment part 5. ROOT        Intra module refs:   main
           ENTRY                   ADDRESS         REF BY
           =====                   =======         ======
           _A_PBDIR_L              0224 
           LOCAL                   ADDRESS         
           =====                   =======         
           PBDIR                   0224 
           PBDIR_H                 0225 
           PBDIR_L                 0224 
    -------------------------------------------------------------------------
DATA16_AN
  Relative segment, address: 022A - 022B (0x2 bytes), align: 0
  Segment part 6. ROOT        Intra module refs:   main
           ENTRY                   ADDRESS         REF BY
           =====                   =======         ======
           _A_PBSEL0_L             022A 
           LOCAL                   ADDRESS         
           =====                   =======         
           PBSEL0                  022A 
           PBSEL0_H                022B 
           PBSEL0_L                022A 
    -------------------------------------------------------------------------
DATA16_AN
  Relative segment, address: 022C - 022D (0x2 bytes), align: 0
  Segment part 7. ROOT        Intra module refs:   main
           ENTRY                   ADDRESS         REF BY
           =====                   =======         ======
           _A_PBSEL1_L             022C 
           LOCAL                   ADDRESS         
           =====                   =======         
           PBSEL1                  022C 
           PBSEL1_H                022D 
           PBSEL1_L                022C 
    -------------------------------------------------------------------------
DATA16_AN
  Relative segment, address: 0340 - 0341 (0x2 bytes), align: 0
  Segment part 8. ROOT        Intra module refs:   main
           ENTRY                   ADDRESS         REF BY
           =====                   =======         ======
           TA0CTL                  0340 
    -------------------------------------------------------------------------
DATA16_AN
  Relative segment, address: 0346 - 0347 (0x2 bytes), align: 0
  Segment part 9. ROOT        Intra module refs:   main
           ENTRY                   ADDRESS         REF BY
           =====                   =======         ======
           TA0CCTL2                0346 
    -------------------------------------------------------------------------
DATA16_AN
  Relative segment, address: 0352 - 0353 (0x2 bytes), align: 0
  Segment part 10. ROOT       Intra module refs:   TIMER0
                                                   main
           ENTRY                   ADDRESS         REF BY
           =====                   =======         ======
           TA0CCR0                 0352 
    -------------------------------------------------------------------------
DATA16_AN
  Relative segment, address: 0356 - 0357 (0x2 bytes), align: 0
  Segment part 11. ROOT       Intra module refs:   TIMER0
                                                   main
           ENTRY                   ADDRESS         REF BY
           =====                   =======         ======
           TA0CCR2                 0356 
    -------------------------------------------------------------------------
DATA16_AN
  Relative segment, address: 0380 - 0381 (0x2 bytes), align: 0
  Segment part 12. ROOT       Intra module refs:   main
           ENTRY                   ADDRESS         REF BY
           =====                   =======         ======
           TA1CTL                  0380 
    -------------------------------------------------------------------------
DATA16_AN
  Relative segment, address: 0386 - 0387 (0x2 bytes), align: 0
  Segment part 13. ROOT       Intra module refs:   main
           ENTRY                   ADDRESS         REF BY
           =====                   =======         ======
           TA1CCTL2                0386 
    -------------------------------------------------------------------------
DATA16_AN
  Relative segment, address: 0392 - 0393 (0x2 bytes), align: 0
  Segment part 14. ROOT       Intra module refs:   main
           ENTRY                   ADDRESS         REF BY
           =====                   =======         ======
           TA1CCR0                 0392 
    -------------------------------------------------------------------------
DATA16_AN
  Relative segment, address: 0396 - 0397 (0x2 bytes), align: 0
  Segment part 15. ROOT       Intra module refs:   main
           ENTRY                   ADDRESS         REF BY
           =====                   =======         ======
           TA1CCR2                 0396 
    -------------------------------------------------------------------------
DATA16_AN
  Relative segment, address: 03C0 - 03C1 (0x2 bytes), align: 0
  Segment part 16. ROOT       Intra module refs:   TIMER0
                                                   main
           ENTRY                   ADDRESS         REF BY
           =====                   =======         ======
           TB0CTL                  03C0 
    -------------------------------------------------------------------------
DATA16_AN
  Relative segment, address: 03C6 - 03C7 (0x2 bytes), align: 0
  Segment part 17. ROOT       Intra module refs:   TIMER0
                                                   main
           ENTRY                   ADDRESS         REF BY
           =====                   =======         ======
           TB0CCTL2                03C6 
    -------------------------------------------------------------------------
DATA16_AN
  Relative segment, address: 03D6 - 03D7 (0x2 bytes), align: 0
  Segment part 18. ROOT       Intra module refs:   TIMER0
           ENTRY                   ADDRESS         REF BY
           =====                   =======         ======
           TB0CCR2                 03D6 
    -------------------------------------------------------------------------
DATA16_AN
  Relative segment, address: 05E0 - 05E1 (0x2 bytes), align: 0
  Segment part 19. ROOT       Intra module refs:   main
           ENTRY                   ADDRESS         REF BY
           =====                   =======         ======
           _A_UCA1CTLW0_L          05E0 
           LOCAL                   ADDRESS         
           =====                   =======         
           UCA1CTLW0               05E0 
           UCA1CTLW0_H             05E1 
           UCA1CTLW0_L             05E0 
    -------------------------------------------------------------------------
DATA16_AN
  Relative segment, address: 05E6 - 05E7 (0x2 bytes), align: 0
  Segment part 20. ROOT       Intra module refs:   main
           ENTRY                   ADDRESS         REF BY
           =====                   =======         ======
           _A_UCA1BRW_L            05E6 
           LOCAL                   ADDRESS         
           =====                   =======         
           UCA1BRW                 05E6 
           UCA1BRW_H               05E7 
           UCA1BRW_L               05E6 
    -------------------------------------------------------------------------
DATA16_AN
  Relative segment, address: 05E8 - 05E9 (0x2 bytes), align: 0
  Segment part 21. ROOT       Intra module refs:   main
           ENTRY                   ADDRESS         REF BY
           =====                   =======         ======
           _A_UCA1MCTLW_L          05E8 
           LOCAL                   ADDRESS         
           =====                   =======         
           UCA1MCTLW               05E8 
           UCA1MCTLW_H             05E9 
           UCA1MCTLW_L             05E8 
    -------------------------------------------------------------------------
DATA16_AN
  Relative segment, address: 05EE - 05EF (0x2 bytes), align: 0
  Segment part 23. ROOT       Intra module refs:   TIMER0
           ENTRY                   ADDRESS         REF BY
           =====                   =======         ======
           _A_UCA1TXBUF_L          05EE 
           LOCAL                   ADDRESS         
           =====                   =======         
           UCA1TXBUF               05EE 
           UCA1TXBUF_H             05EF 
           UCA1TXBUF_L             05EE 
    -------------------------------------------------------------------------
DATA16_AN
  Relative segment, address: 05FA - 05FB (0x2 bytes), align: 0
  Segment part 24. ROOT       Intra module refs:   main
           ENTRY                   ADDRESS         REF BY
           =====                   =======         ======
           _A_UCA1IE_L             05FA 
           LOCAL                   ADDRESS         
           =====                   =======         
           UCA1IE                  05FA 
           UCA1IE_H                05FB 
           UCA1IE_L                05FA 
    -------------------------------------------------------------------------
DATA16_AN
  Relative segment, address: 015C - 015D (0x2 bytes), align: 0
  Segment part 26. ROOT       Intra module refs:   main
           ENTRY                   ADDRESS         REF BY
           =====                   =======         ======
           _A_WDTCTL_L             015C 
           LOCAL                   ADDRESS         
           =====                   =======         
           WDTCTL                  015C 
           WDTCTL_H                015D 
           WDTCTL_L                015C 
    -------------------------------------------------------------------------
DATA16_I
  Relative segment, address: 1C00 - 1C01 (0x2 bytes), align: 1
  Segment part 30.            Intra module refs:   TIMER0
                                                   USCI
           LOCAL                   ADDRESS         
           =====                   =======         
           RPM                     1C00 
    -------------------------------------------------------------------------
DATA16_I
  Relative segment, address: 1C02 - 1C05 (0x4 bytes), align: 1
  Segment part 32.            Intra module refs:   TIMER0
           LOCAL                   ADDRESS         
           =====                   =======         
           _switch                 1C02 
    -------------------------------------------------------------------------
<CODE> 1 (was CODE)
  Relative segment, address: 47D6 - 4895 (0xc0 bytes), align: 1
  Segment part 37.
           ENTRY                   ADDRESS         REF BY
           =====                   =======         ======
           main                    47D6            Segment part 27 (?cstart)
    -------------------------------------------------------------------------
ISR_CODE
  Relative segment, address: 442E - 4517 (0xea bytes), align: 1
  Segment part 38.            Intra module refs:   TIMER0::??INTVEC 100
           ENTRY                   ADDRESS         REF BY
           =====                   =======         ======
           TIMER0                  442E 
               interrupt function
               calls direct
    -------------------------------------------------------------------------
DATA16_Z
  Relative segment, address: 1C06 - 1C07 (0x2 bytes), align: 1
  Segment part 34.            Intra module refs:   TIMER0
           LOCAL                   ADDRESS         
           =====                   =======         
           TIMER0::tmp             1C06 
    -------------------------------------------------------------------------
ISR_CODE
  Relative segment, address: 4518 - 455F (0x48 bytes), align: 1
  Segment part 39.            Intra module refs:   USCI::??INTVEC 84
           ENTRY                   ADDRESS         REF BY
           =====                   =======         ======
           USCI                    4518 
               interrupt function
    -------------------------------------------------------------------------
DATA16_Z
  Relative segment, address: 1C08 - 1C09 (0x2 bytes), align: 1
  Segment part 35.            Intra module refs:   USCI
           LOCAL                   ADDRESS         
           =====                   =======         
           USCI::digitf            1C08 
    -------------------------------------------------------------------------
DATA16_Z
  Relative segment, address: 1C0A - 1C0B (0x2 bytes), align: 1
  Segment part 36.            Intra module refs:   USCI
           LOCAL                   ADDRESS         
           =====                   =======         
           USCI::var               1C0A 
    -------------------------------------------------------------------------
INTVEC
  Common segment, address: FF90 - FFE5 (0x56 bytes), align: 1
  Segment part 27. ROOT 
           ENTRY                   ADDRESS         REF BY
           =====                   =======         ======
           USCI::??INTVEC 84       FFE4 
    -------------------------------------------------------------------------
INTVEC
  Common segment, address: FF90 - FFF5 (0x66 bytes), align: 1
  Segment part 28. ROOT 
           ENTRY                   ADDRESS         REF BY
           =====                   =======         ======
           TIMER0::??INTVEC 100    FFF4 
    -------------------------------------------------------------------------
DATA16_ID
  Relative segment, address: 4400 - 4401 (0x2 bytes), align: 1
  Segment part 31.            Intra module refs:   RPM
    -------------------------------------------------------------------------
DATA16_ID
  Relative segment, address: 4402 - 4405 (0x4 bytes), align: 1
  Segment part 33.            Intra module refs:   _switch

    *************************************************************************

  FILE NAME : C:\erezAsmra\SoftWare\IRA Embedded Msp430\430\lib\dlib\dl430xlsfn.r43
  LIBRARY MODULE, NAME : ?__dbg_break

  SEGMENTS IN THE MODULE
  ======================
<CODE> 1 (was CODE)
  Relative segment, address: 49D4 - 49D5 (0x2 bytes), align: 1
  Segment part 2.
           ENTRY                   ADDRESS         REF BY
           =====                   =======         ======
           __DebugBreak            49D4            __exit (?__exit)

    -------------------------------------------------------------------------
  LIBRARY MODULE, NAME : ?__exit

  SEGMENTS IN THE MODULE
  ======================
<CODE> 1 (was CODE)
  Relative segment, address: 4992 - 49A5 (0x14 bytes), align: 1
  Segment part 2.
           ENTRY                   ADDRESS         REF BY
           =====                   =======         ======
           __exit                  4992            Segment part 6 (?_exit)
                                                   _exit (?_exit)
               calls direct

    -------------------------------------------------------------------------
  LIBRARY MODULE, NAME : ?_exit

  SEGMENTS IN THE MODULE
  ======================
<CODE> 1 (was CODE)
  Relative segment, address: 49CC, align: 1
  Segment part 0.
           ENTRY                   ADDRESS         REF BY
           =====                   =======         ======
           _exit                   49CC            exit (?exit)
    -------------------------------------------------------------------------
<CODE> 1 (was CODE)
  Relative segment, address: 49CC - 49CF (0x4 bytes), align: 1
  Segment part 6.             Intra module refs:   _exit

    -------------------------------------------------------------------------
  LIBRARY MODULE, NAME : ?cstart

  SEGMENTS IN THE MODULE
  ======================
CSTACK
  Relative segment, address: 2360, align: 1
  Segment part 1.
    -------------------------------------------------------------------------
DATA16_Z
  Relative segment, address: 1C0C, align: 1
  Segment part 2.
    -------------------------------------------------------------------------
DATA16_I
  Relative segment, address: 1C06, align: 1
  Segment part 3.
    -------------------------------------------------------------------------
DATA16_ID
  Relative segment, address: 4406, align: 1
  Segment part 4.
    -------------------------------------------------------------------------
CODE_I
  Relative segment, address: 1C0C, align: 1
  Segment part 5.
    -------------------------------------------------------------------------
CODE_ID
  Relative segment, address: 49D6, align: 1
  Segment part 6.
    -------------------------------------------------------------------------
DATA20_Z
  Relative segment, address: 1C0C, align: 1
  Segment part 7.
    -------------------------------------------------------------------------
DATA20_I
  Relative segment, address: 1C0C, align: 1
  Segment part 8.
    -------------------------------------------------------------------------
DATA20_ID
  Relative segment, address: 49D6, align: 1
  Segment part 9.
    -------------------------------------------------------------------------
DATA20_C
  Relative segment, address: 49D6, align: 1
  Segment part 10.
    -------------------------------------------------------------------------
DATA20_N
  Relative segment, address: 1C0C, align: 1
  Segment part 12.
    -------------------------------------------------------------------------
CSTART
  Relative segment, address: 4406 - 4409 (0x4 bytes), align: 1
  Segment part 15.
           ENTRY                   ADDRESS         REF BY
           =====                   =======         ======
           __program_start         4406            ?reset_vector (?reset_vector)
                                                   Absolute parts (?ABS_ENTRY_MOD)
           ?cstart_begin           4406 
    -------------------------------------------------------------------------
CSTART
  Relative segment, address: 440A - 4415 (0xc bytes), align: 1
  Segment part 20.
           ENTRY                   ADDRESS         REF BY
           =====                   =======         ======
           ?cstart_init_zero       440A            TIMER0::tmp (motor)
                                                   USCI::digitf (motor)
                                                   USCI::var (motor)
    -------------------------------------------------------------------------
CSTART
  Relative segment, address: 4416 - 4425 (0x10 bytes), align: 1
  Segment part 21.
           ENTRY                   ADDRESS         REF BY
           =====                   =======         ======
           ?cstart_init_copy       4416            RPM (motor)
                                                   _switch (motor)
    -------------------------------------------------------------------------
CSTART
  Relative segment, address: 4426 - 442D (0x8 bytes), align: 1
  Segment part 27.            Intra module refs:   Segment part 15
           ENTRY                   ADDRESS         REF BY
           =====                   =======         ======
           ?cstart_call_main       4426 
           ?cstart_end             442E 
    -------------------------------------------------------------------------
CODE_ID
  Relative segment, address: 49D6, align: 1
  Segment part 28.            Intra module refs:   Segment part 5

    -------------------------------------------------------------------------
  LIBRARY MODULE, NAME : ?reset_vector

  SEGMENTS IN THE MODULE
  ======================
RESET
  Relative segment, address: FFFE - FFFF (0x2 bytes), align: 1
  Segment part 0.
           ENTRY                   ADDRESS         REF BY
           =====                   =======         ======
           ?reset_vector           FFFE            Segment part 15 (?cstart)

    -------------------------------------------------------------------------
  LIBRARY MODULE, NAME : ?exit

  SEGMENTS IN THE MODULE
  ======================
<CODE> 1 (was CODE)
  Relative segment, address: 49C8 - 49CB (0x4 bytes), align: 1
  Segment part 2.
           ENTRY                   ADDRESS         REF BY
           =====                   =======         ======
           exit                    49C8            Segment part 27 (?cstart)
               calls direct

    -------------------------------------------------------------------------
  LIBRARY MODULE, NAME : ?Mul32fHw32

  SEGMENTS IN THE MODULE
  ======================
<CODE> 1 (was CODE)
  Relative segment, address: 46C0 - 47D5 (0x116 bytes), align: 1
  Segment part 0.
           ENTRY                   ADDRESS         REF BY
           =====                   =======         ======
           ?Mul32fHw32             46C0            TIMER0 (motor)

    -------------------------------------------------------------------------
  LIBRARY MODULE, NAME : ?Cast32f32i

  SEGMENTS IN THE MODULE
  ======================
<CODE> 1 (was CODE)
  Relative segment, address: 4896 - 4913 (0x7e bytes), align: 1
  Segment part 1.
           ENTRY                   ADDRESS         REF BY
           =====                   =======         ======
           _Cast32uto32f           4896            TIMER0 (motor)

    -------------------------------------------------------------------------
  LIBRARY MODULE, NAME : _Cast32fto32s

  SEGMENTS IN THE MODULE
  ======================
<CODE> 1 (was CODE)
  Relative segment, address: 4960 - 4991 (0x32 bytes), align: 1
  Segment part 0.
           ENTRY                   ADDRESS         REF BY
           =====                   =======         ======
           _Cast32fto32s           4960            TIMER0 (motor)

    -------------------------------------------------------------------------
  LIBRARY MODULE, NAME : ?FLT_Extract

  SEGMENTS IN THE MODULE
  ======================
<CODE> 1 (was CODE)
  Relative segment, address: 4914 - 495F (0x4c bytes), align: 1
  Segment part 0.
           ENTRY                   ADDRESS         REF BY
           =====                   =======         ======
           ?FLT_Extract            4914            _Cast32fto32s (_Cast32fto32s)

    -------------------------------------------------------------------------
  LIBRARY MODULE, NAME : _Add32f

  SEGMENTS IN THE MODULE
  ======================
<CODE> 1 (was CODE)
  Relative segment, address: 4560 - 46BF (0x160 bytes), align: 1
  Segment part 1.
           ENTRY                   ADDRESS         REF BY
           =====                   =======         ======
           _Add32f                 4560            TIMER0 (motor)

    -------------------------------------------------------------------------
  LIBRARY MODULE, NAME : ?memcpy

  SEGMENTS IN THE MODULE
  ======================
<CODE> 1 (was CODE)
  Relative segment, address: 49A6 - 49B7 (0x12 bytes), align: 1
  Segment part 2.
           ENTRY                   ADDRESS         REF BY
           =====                   =======         ======
           memcpy                  49A6            __data16_memcpy (?memzero)

    -------------------------------------------------------------------------
  LIBRARY MODULE, NAME : ?memzero

  SEGMENTS IN THE MODULE
  ======================
<CODE> 1 (was CODE)
  Relative segment, address: 49B8 - 49C7 (0x10 bytes), align: 1
  Segment part 2.
           ENTRY                   ADDRESS         REF BY
           =====                   =======         ======
           __data16_memzero        49B8            ?cstart_init_zero (?cstart)
    -------------------------------------------------------------------------
<CODE> 1 (was CODE)
  Relative segment, address: 49D0 - 49D3 (0x4 bytes), align: 1
  Segment part 3.
           ENTRY                   ADDRESS         REF BY
           =====                   =======         ======
           __data16_memcpy         49D0            ?cstart_init_copy (?cstart)
               calls direct




                ****************************************
                *                                      *
                *      SEGMENTS IN ADDRESS ORDER       *
                *                                      *
                ****************************************


SEGMENT              SPACE    START ADDRESS   END ADDRESS     SIZE  TYPE  ALIGN
=======              =====    =============   ===========     ====  ====  =====
DATA16_AN                              0102 - 0103               2   rel    0
                                       0130 - 0131               2 
                                       015C - 015D               2 
                                       0160 - 0161               2 
                                       0168 - 016B               4 
                                       0204 - 0205               2 
                                       020A - 020D               4 
                                       0224 - 0225               2 
                                       022A - 022D               4 
                                       032A - 032B               2 
                                       0340 - 0341               2 
                                       0346 - 0347               2 
                                       0352 - 0353               2 
                                       0356 - 0357               2 
                                       0380 - 0381               2 
                                       0386 - 0387               2 
                                       0392 - 0393               2 
                                       0396 - 0397               2 
                                       03C0 - 03C1               2 
                                       03C6 - 03C7               2 
                                       03D6 - 03D7               2 
                                       05E0 - 05E1               2 
                                       05E6 - 05E9               4 
                                       05EC - 05EF               4 
                                       05FA - 05FD               4 
                                       0A00 - 0A01               2 
                                       0A06 - 0A0F               A 
                                       0A12 - 0A13               2 
                                       0A2A - 0A2A               1 
DATA16_I                               1C00 - 1C05               6   rel    1
DATA16_Z                               1C06 - 1C0B               6   rel    1
CODE_I                                    1C0C                       rel    1
DATA20_Z                                  1C0C                       rel    1
DATA20_N                                  1C0C                       rel    1
DATA20_I                                  1C0C                       rel    1
CSTACK                                 2360 - 23FF              A0   rel    1
DATA16_C                                  4400                       dse    0
DATA16_ID                              4400 - 4405               6   rel    1
CSTART                                 4406 - 442D              28   rel    1
ISR_CODE                               442E - 455F             132   rel    1
<CODE> 1                               4560 - 49D5             476   rel    1
DATA20_ID                                 49D6                       rel    1
CODE_ID                                   49D6                       rel    1
DATA20_C                                  49D6                       rel    1
INTVEC                                 FF90 - FFF5              66   com    1
RESET                                  FFFE - FFFF               2   rel    1

                ****************************************
                *                                      *
                *        END OF CROSS REFERENCE        *
                *                                      *
                ****************************************

 1 592 bytes of CODE  memory
   172 bytes of DATA  memory (+ 77 absolute )
     6 bytes of CONST memory

Errors: none
Warnings: none

